[smoke] holding :95 lock (pid 2700)
[smoke] building...

warning: `rustidian` (bin "rustidian") generated 3 warnings
    Finished `dev` profile [unoptimized + debuginfo] target(s) in 48.05s
[smoke] stale :95 socket (no server) - removing
[smoke] phase 1: create-vault flow
[smoke] picker visible in p1-picker (r=124)
[smoke] created vault: /tmp/rustidian-smokedlguard95/home/SmokeVault with Welcome.md
scripts/smoke.sh: line 52: 18027 Killed                     env -u VAULT_DIR HOME="$OUT/home" DISPLAY=$D "$BIN" > "$OUT/app-$1.log" 2>&1
[smoke] vault persisted to ~/.rustidian.json
[smoke] phase 2: open-folder flow on copy of sample vault
[smoke] picker visible in p2-picker (r=124)
[smoke] window title: rustidian [panes:1 focused:1@1] [fx:1.00] [tabs:0] [edt:ok] [side:l1r0] [rt:1071-1094|mb:1051-1071] [armed:0] [pane:files] [tree:4] [vc:0] [vp:1100x700] [ovf:0,0,0]
[smoke] pane model: exactly one group, and it is focused
[smoke] tab 0 present in 4-opened (r=205)
[smoke] phase 3: explorer tree
[smoke] pixels changed after collapsing 'sub': 163014000
[smoke] folder 'sub' collapses and re-expands (diff 133421000)
[smoke] phase 4: tabbed editor
[smoke] tab 0 present in 7-two-tabs (r=166)
[smoke] tab 1 present in 7-two-tabs (r=69)
[smoke] tab slot 2 empty in 7-two-tabs (r=17)
[smoke] two tabs open simultaneously
[smoke] tab 1 (Ideas) edit saved to Ideas.md only
[smoke] switched to tab 0 (Graph Theory), edit saved to Graph Theory.md only
[smoke] tab switching preserves per-tab content on disk
[smoke] phase 5: keymap
[smoke] tab 0 present in 8-closed (r=205)
[smoke] tab slot 1 empty in 8-closed (r=17)
[smoke] Ctrl+W closed the active tab
[smoke] NESTED note 'sub/Nested' opened from tree, edited on disk
[smoke] pixels changed after typing: 45751200
[smoke] tab 2 present in 11-ctrl-n (r=69)
[smoke] Ctrl+N opened a new note in a new tab (on disk: /tmp/rustidian-smokedlguard95/vault/Untitled-1189.md)
[smoke] phase 6: graph opens
[smoke] pixels changed after graph toggle: 2639530000
[smoke] phase 7: mode cycle
[smoke] pixels changed after Ctrl+E: 93379100
[smoke] reading mode: census [mode:read], typing does not edit
[smoke] Ctrl+E cycles lp->src->read->lp (diff 93379100)
[smoke] phase 8: [[ autocomplete
[smoke] autocomplete popup shown, Enter inserted [[Ideas]] (verified on disk)
[smoke] phase 9: unresolved wikilink
[smoke] unresolved link rendered faded at (415,77)
[smoke] R23: the created note is seeded with '# Zzz9'
[smoke] clicking unresolved link created Zzz9.md on disk and opened it
[smoke] phase 10: nav history
[smoke] Alt+Left went back after wikilink jump (edit landed in Untitled)
[smoke] Alt+Right went forward to Zzz9
[smoke] Ctrl+Alt+Left/Right history aliases work (R5.3)
[smoke] phase 11: status bar
[smoke] status bar OCR: 3 backlinks W6words 122 chars 
[smoke] status bar shows nonzero backlink count + word/char count for Ideas
[smoke] phase 12: graph interactions (M4)
[smoke] graph idle churn: 0
[smoke] accent pixels — idle: 0, hover: 955 (idle churn 0)
[smoke] ghost node at (804,471), clicking node
[smoke] unresolved graph node rendered; click created GhostNote.md + opened it
[smoke] refresh: LiveWire node present after save + reopen
[smoke] pixels changed on wheel zoom: 372571000
[smoke] pixels changed on drag pan: 493906000
[smoke] phase 13: M7 splits
[smoke] phase13 single-tab state: rustidian [panes:1 focused:1@1] [fx:1.00] [tabs:1] [mode:lp] [lp:1] [edt:ok] [edx:300] [erx:300,300,300] [ery:83,114,138] [side:l1r0] [rt:1071-1094|mb:1051-1071] [armed:0] [pane:files] [buf:26] [tree:7] [vc:0] [vp:1100x700] [ovf:0,0,0]
[smoke] ctxmenu: [menu:Split right|Split down|Link with tab...|Source mode|Bookmark]
[smoke] split right: 2 groups, right group focused, fx 0.50,0.50
[smoke] groups show different notes (left: GhostNote.md, right: Welcome.md)
[smoke] left-pane wikilink at (253,124), ctrl+clicking
[smoke] ctrl+click: new tab in focused group (tabs 1,2 -> 2,2)
[smoke] divider at x=650, dragging to x=560
[smoke] divider drag resized panes (pixels changed: 476538000)
[smoke] last-tab close collapsed the split; survivor focused, fx 1.00
[smoke] phase 14: M8 local graph
[smoke] explorer row /.deas/ at y=206
[smoke] localgraph opened in right split, census [lg:Ideas@1]
[smoke] localgraph shows center Ideas + at least one neighbor
[smoke] explorer row /We.come/ at y=299
[smoke] localgraph followed linked group: census [lg:Welcome@1]
[smoke] Ideas node at (1075,463), clicking node
[smoke] node click navigated the LINKED group to Ideas; graph re-centered
[smoke] gear at (1076,52)
[smoke] popover at x=915 y=71, clicking slider center (1002,113)
[smoke] post-depth title: rustidian [panes:2 focused:1@2] [fx:0.50,0.50] [tabs:4,1] [lg:Ideas@3] [lgt:Graph of Ideas] [lgl:Ideas] [chain:2] [lp:2] [edt:ok] [side:l1r0] [rt:1071-1094|mb:1035-1071] [armed:0] [pane:files] [tree:8] [vc:0] [vp:1100x700] [ovf:0,0,0]
[smoke] node pixels depth1: 642, depth>=2: 1640
[smoke] depth slider re-filtered live: node set grew (642 -> 1640 px)
[smoke] live refresh: LiveTwo node appeared while localgraph stayed open
[smoke] PASS — screenshots in /tmp/rustidian-smokedlguard95
